// Jest Snapshot v1, https://goo.gl/fbAQLP

exports[`Piechart renders properly 1`] = `
<div
  className="recharts-responsive-container"
  style={
    Object {
      "height": "100%",
      "maxHeight": undefined,
      "minHeight": 250,
      "minWidth": 250,
      "width": 250,
    }
  }
>
  <div
    style={
      Object {
        "display": "none",
        "height": 0,
        "position": "absolute",
        "visibility": "hidden",
        "width": 0,
      }
    }
  />
</div>
`;
