// Jest Snapshot v1, https://goo.gl/fbAQLP

exports[`renders correctly 1`] = `
<div
  className="error center"
  onClick={[Function]}
>
  <div
    className="message"
  >
    blahblah
  </div>
</div>
`;
